2025-04-20 01:58:37,578 - ERROR - Failed to retrieve Hernan-Cattaneo: Status code 404 for url https://www.whosampled.com/Hernan-Cattaneo/sampled/?role=1
2025-04-20 01:58:52,775 - ERROR - Failed to retrieve Christopher-Lawrence: Status code 404 for url https://www.whosampled.com/Christopher-Lawrence/sampled/?role=1
2025-04-20 01:59:16,671 - ERROR - Failed to retrieve John-Digweed: Status code 404 for url https://www.whosampled.com/John-Digweed/sampled/?role=1
2025-04-20 01:59:39,720 - ERROR - Failed to retrieve Paul-Oakenfold: Status code 404 for url https://www.whosampled.com/Paul-Oakenfold/sampled/?role=1
2025-04-20 01:59:57,071 - ERROR - Failed to retrieve Deep-Dish: Status code 404 for url https://www.whosampled.com/Deep-Dish/sampled/?role=1
2025-04-20 02:00:39,814 - ERROR - Failed to retrieve Sander-Kleinenberg: Status code 404 for url https://www.whosampled.com/Sander-Kleinenberg/sampled/?role=1
2025-04-20 02:01:38,283 - ERROR - Failed to retrieve James-Zabiela: Status code 404 for url https://www.whosampled.com/James-Zabiela/sampled/?role=1
2025-04-20 02:02:59,502 - ERROR - Failed to retrieve Tall-Paul: Status code 404 for url https://www.whosampled.com/Tall-Paul/sampled/?role=1
2025-04-20 02:03:17,957 - ERROR - Failed to retrieve Danny-Howells: Status code 404 for url https://www.whosampled.com/Danny-Howells/sampled/?role=1
2025-04-20 02:03:37,962 - ERROR - Failed to retrieve Steve-Lawler: Status code 404 for url https://www.whosampled.com/Steve-Lawler/sampled/?role=1
2025-04-20 02:04:39,744 - ERROR - Failed to retrieve DJ-Dan: Status code 404 for url https://www.whosampled.com/DJ-Dan/sampled/?role=1
2025-04-20 02:04:59,506 - ERROR - Failed to retrieve Eddie-Halliwell: Status code 404 for url https://www.whosampled.com/Eddie-Halliwell/sampled/?role=1
2025-04-20 02:06:03,681 - ERROR - Failed to retrieve Johan-Gielen: Status code 404 for url https://www.whosampled.com/Johan-Gielen/sampled/?role=1
2025-04-20 02:06:23,948 - ERROR - Failed to retrieve Lady-Dana: Status code 404 for url https://www.whosampled.com/Lady-Dana/sampled/?role=1
2025-04-20 02:07:38,069 - ERROR - Failed to retrieve Yoji-Biomehanika: Status code 404 for url https://www.whosampled.com/Yoji-Biomehanika/sampled/?role=1
2025-04-20 02:08:53,956 - ERROR - Failed to retrieve Dave-Clarke: Status code 404 for url https://www.whosampled.com/Dave-Clarke/sampled/?role=1
2025-04-20 02:10:20,693 - ERROR - Failed to retrieve Gabriel-&-Dresden: Status code 404 for url https://www.whosampled.com/Gabriel-&-Dresden/sampled/?role=1
2025-04-20 02:10:41,046 - ERROR - Failed to retrieve TBC: Status code 404 for url https://www.whosampled.com/TBC/sampled/?role=1
2025-04-20 02:10:58,122 - ERROR - Failed to retrieve Nick-Warren: Status code 404 for url https://www.whosampled.com/Nick-Warren/sampled/?role=1
2025-04-20 02:11:22,928 - ERROR - Failed to retrieve Richie-Hawtin: Status code 404 for url https://www.whosampled.com/Richie-Hawtin/sampled/?role=1
2025-04-20 02:12:06,272 - ERROR - Failed to retrieve Pete-Tong: Status code 404 for url https://www.whosampled.com/Pete-Tong/sampled/?role=1
2025-04-20 02:13:08,631 - ERROR - Failed to retrieve Misstress-Barbara: Status code 404 for url https://www.whosampled.com/Misstress-Barbara/sampled/?role=1
2025-04-20 02:13:32,403 - ERROR - Failed to retrieve Adam-Beyer: Status code 404 for url https://www.whosampled.com/Adam-Beyer/sampled/?role=1
2025-04-20 02:14:10,147 - ERROR - Failed to retrieve John-'00'-Fleming: Status code 404 for url https://www.whosampled.com/John-'00'-Fleming/sampled/?role=1
2025-04-20 02:14:27,416 - ERROR - Failed to retrieve Plump-DJ's: Status code 404 for url https://www.whosampled.com/Plump-DJ's/sampled/?role=1
2025-04-20 02:15:25,896 - ERROR - Failed to retrieve Lee-Burridge: Status code 404 for url https://www.whosampled.com/Lee-Burridge/sampled/?role=1
2025-04-20 02:16:26,451 - ERROR - Failed to retrieve Matt-Hardwick: Status code 404 for url https://www.whosampled.com/Matt-Hardwick/sampled/?role=1
2025-04-20 02:17:06,532 - ERROR - Failed to retrieve DJ-Luna: Status code 404 for url https://www.whosampled.com/DJ-Luna/sampled/?role=1
2025-04-20 02:17:29,085 - ERROR - Failed to retrieve M.I.K.E.: Status code 404 for url https://www.whosampled.com/M.I.K.E./sampled/?role=1
2025-04-20 02:18:05,862 - ERROR - Failed to retrieve Max-Graham: Status code 404 for url https://www.whosampled.com/Max-Graham/sampled/?role=1
2025-04-20 02:18:39,837 - ERROR - Failed to retrieve Mario-Piu: Status code 404 for url https://www.whosampled.com/Mario-Piu/sampled/?role=1
2025-04-20 02:19:14,212 - ERROR - Failed to retrieve DJ-Vibe: Status code 404 for url https://www.whosampled.com/DJ-Vibe/sampled/?role=1
2025-04-20 02:19:33,623 - ERROR - Failed to retrieve Kai-Tracid: Status code 404 for url https://www.whosampled.com/Kai-Tracid/sampled/?role=1
2025-04-20 02:20:20,287 - ERROR - Failed to retrieve DJ-Yahel: Status code 404 for url https://www.whosampled.com/DJ-Yahel/sampled/?role=1
2025-04-20 02:21:24,117 - ERROR - Failed to retrieve Ricky-Stone: Status code 404 for url https://www.whosampled.com/Ricky-Stone/sampled/?role=1
2025-04-20 02:21:47,616 - ERROR - Failed to retrieve Martin-Garcia: Status code 404 for url https://www.whosampled.com/Martin-Garcia/sampled/?role=1
2025-04-20 02:22:12,121 - ERROR - Failed to retrieve Frank-T.R.A.X: Status code 404 for url https://www.whosampled.com/Frank-T.R.A.X/sampled/?role=1
2025-04-20 02:22:30,879 - ERROR - Failed to retrieve Timo-Maas: Status code 404 for url https://www.whosampled.com/Timo-Maas/sampled/?role=1
2025-04-20 02:22:54,197 - ERROR - Failed to retrieve Desyn-Masiello: Status code 404 for url https://www.whosampled.com/Desyn-Masiello/sampled/?role=1
2025-04-20 02:23:17,570 - ERROR - Failed to retrieve Victor-Calderone: Status code 404 for url https://www.whosampled.com/Victor-Calderone/sampled/?role=1
2025-04-20 02:24:03,371 - ERROR - Failed to retrieve Michel-De-Hey: Status code 404 for url https://www.whosampled.com/Michel-De-Hey/sampled/?role=1
2025-04-20 02:24:24,978 - ERROR - Failed to retrieve The-Flash-Brothers: Status code 404 for url https://www.whosampled.com/The-Flash-Brothers/sampled/?role=1
2025-04-20 02:24:40,898 - ERROR - Failed to retrieve Donald-Glaude: Status code 404 for url https://www.whosampled.com/Donald-Glaude/sampled/?role=1
2025-04-20 02:25:05,197 - ERROR - Failed to retrieve Chus-&-Ceballos: Status code 404 for url https://www.whosampled.com/Chus-&-Ceballos/sampled/?role=1
2025-04-20 02:25:27,353 - ERROR - Failed to retrieve DJ-Tatana: Status code 404 for url https://www.whosampled.com/DJ-Tatana/sampled/?role=1
2025-04-20 02:25:45,985 - ERROR - Failed to retrieve Astrix: Status code 404 for url https://www.whosampled.com/Astrix/sampled/?role=1
2025-04-20 02:27:11,084 - ERROR - Failed to retrieve Anne-Savage: Status code 404 for url https://www.whosampled.com/Anne-Savage/sampled/?role=1
2025-04-20 02:27:35,099 - ERROR - Failed to retrieve Miss-Kitten: Status code 404 for url https://www.whosampled.com/Miss-Kitten/sampled/?role=1
2025-04-20 02:28:17,532 - ERROR - Failed to retrieve Christian-Cambas: Status code 404 for url https://www.whosampled.com/Christian-Cambas/sampled/?role=1
2025-04-20 02:28:33,428 - ERROR - Failed to retrieve Scot-Project: Status code 404 for url https://www.whosampled.com/Scot-Project/sampled/?role=1
2025-04-20 02:29:54,026 - ERROR - Failed to retrieve Proteus: Status code 404 for url https://www.whosampled.com/Proteus/sampled/?role=1
2025-04-20 02:30:12,725 - ERROR - Failed to retrieve Moshic: Status code 404 for url https://www.whosampled.com/Moshic/sampled/?role=1
2025-04-20 02:30:37,241 - ERROR - Failed to retrieve DJ-Amadeus: Status code 404 for url https://www.whosampled.com/DJ-Amadeus/sampled/?role=1
2025-04-20 02:31:35,046 - ERROR - Failed to retrieve Magda: Status code 404 for url https://www.whosampled.com/Magda/sampled/?role=1
2025-04-20 02:31:58,378 - ERROR - Failed to retrieve John-Acquaviva: Status code 404 for url https://www.whosampled.com/John-Acquaviva/sampled/?role=1
2025-04-20 02:32:21,203 - ERROR - Failed to retrieve Flash-Brothers: Status code 404 for url https://www.whosampled.com/Flash-Brothers/sampled/?role=1
2025-04-20 02:32:38,465 - ERROR - Failed to retrieve Offer-Nissim: Status code 404 for url https://www.whosampled.com/Offer-Nissim/sampled/?role=1
2025-04-20 02:33:42,688 - ERROR - Failed to retrieve Phil-Kieran: Status code 404 for url https://www.whosampled.com/Phil-Kieran/sampled/?role=1
2025-04-20 02:34:05,198 - ERROR - Failed to retrieve DJ-Skazi: Status code 404 for url https://www.whosampled.com/DJ-Skazi/sampled/?role=1
2025-04-20 02:34:27,839 - ERROR - Failed to retrieve D-Formation: Status code 404 for url https://www.whosampled.com/D-Formation/sampled/?role=1
2025-04-20 02:35:28,918 - ERROR - Failed to retrieve Bob-Sinclair: Status code 404 for url https://www.whosampled.com/Bob-Sinclair/sampled/?role=1
2025-04-20 02:36:15,846 - ERROR - Failed to retrieve Wrecked-Machines: Status code 404 for url https://www.whosampled.com/Wrecked-Machines/sampled/?role=1
2025-04-20 02:36:39,605 - ERROR - Failed to retrieve Dion-Mavath: Status code 404 for url https://www.whosampled.com/Dion-Mavath/sampled/?role=1
2025-04-20 02:37:00,930 - ERROR - Failed to retrieve George-Acosta: Status code 404 for url https://www.whosampled.com/George-Acosta/sampled/?role=1
2025-04-20 02:37:22,228 - ERROR - Failed to retrieve Joachim-Garraud: Status code 404 for url https://www.whosampled.com/Joachim-Garraud/sampled/?role=1
2025-04-20 02:38:05,050 - ERROR - Failed to retrieve Simon-Posford: Status code 404 for url https://www.whosampled.com/Simon-Posford/sampled/?role=1
2025-04-20 02:38:21,197 - ERROR - Failed to retrieve John-Graham: Status code 404 for url https://www.whosampled.com/John-Graham/sampled/?role=1
2025-04-20 02:38:39,602 - ERROR - Failed to retrieve Menno-De-Jong: Status code 404 for url https://www.whosampled.com/Menno-De-Jong/sampled/?role=1
2025-04-20 02:39:01,683 - ERROR - Failed to retrieve Scott-K: Status code 404 for url https://www.whosampled.com/Scott-K/sampled/?role=1
2025-04-20 02:39:43,215 - ERROR - Failed to retrieve DJ-Tarkan: Status code 404 for url https://www.whosampled.com/DJ-Tarkan/sampled/?role=1
2025-04-20 02:40:03,136 - ERROR - Failed to retrieve Anderson-Noise: Status code 404 for url https://www.whosampled.com/Anderson-Noise/sampled/?role=1
2025-04-20 02:40:21,224 - ERROR - Failed to retrieve Serge-Devant: Status code 404 for url https://www.whosampled.com/Serge-Devant/sampled/?role=1
2025-04-20 02:41:03,649 - ERROR - Failed to retrieve Tallah-2XLC: Status code 404 for url https://www.whosampled.com/Tallah-2XLC/sampled/?role=1
2025-04-20 02:41:43,282 - ERROR - Failed to retrieve Axel-Karakasis: Status code 404 for url https://www.whosampled.com/Axel-Karakasis/sampled/?role=1
2025-04-20 02:43:01,323 - ERROR - Failed to retrieve Robbie-Rivera: Status code 404 for url https://www.whosampled.com/Robbie-Rivera/sampled/?role=1
2025-04-20 02:43:21,135 - ERROR - Failed to retrieve Agnelli-&-Nelson: Status code 404 for url https://www.whosampled.com/Agnelli-&-Nelson/sampled/?role=1
2025-04-20 02:44:52,313 - ERROR - Failed to retrieve Mark-Knight: Status code 404 for url https://www.whosampled.com/Mark-Knight/sampled/?role=1
2025-04-20 02:46:14,409 - ERROR - Failed to retrieve Valentino-Kanzyani: Status code 404 for url https://www.whosampled.com/Valentino-Kanzyani/sampled/?role=1
2025-04-20 02:47:26,016 - ERROR - Failed to retrieve Hype: Status code 404 for url https://www.whosampled.com/Hype/sampled/?role=1
2025-04-20 02:47:46,488 - ERROR - Failed to retrieve Richard-Durand: Status code 404 for url https://www.whosampled.com/Richard-Durand/sampled/?role=1
2025-04-20 02:48:28,345 - ERROR - Failed to retrieve Sébastien-Léger: Status code 404 for url https://www.whosampled.com/S%C3%A9bastien-L%C3%A9ger/sampled/?role=1
2025-04-20 02:48:47,557 - ERROR - Failed to retrieve Wally-Lopez: Status code 404 for url https://www.whosampled.com/Wally-Lopez/sampled/?role=1
2025-04-20 02:49:03,794 - ERROR - Failed to retrieve Erol-Alkan: Status code 404 for url https://www.whosampled.com/Erol-Alkan/sampled/?role=1
2025-04-20 02:49:44,675 - ERROR - Failed to retrieve Bobina: Status code 404 for url https://www.whosampled.com/Bobina/sampled/?role=1
2025-04-20 02:50:28,519 - ERROR - Failed to retrieve Aly-&-Fila: Status code 404 for url https://www.whosampled.com/Aly-&-Fila/sampled/?role=1
2025-04-20 02:51:12,987 - ERROR - Failed to retrieve Marco-Lenzi: Status code 404 for url https://www.whosampled.com/Marco-Lenzi/sampled/?role=1
2025-04-20 02:51:33,947 - ERROR - Failed to retrieve Adam-Sheridan: Status code 404 for url https://www.whosampled.com/Adam-Sheridan/sampled/?role=1
2025-04-20 02:51:54,730 - ERROR - Failed to retrieve Sean-Tyas: Status code 404 for url https://www.whosampled.com/Sean-Tyas/sampled/?role=1
2025-04-20 02:52:12,462 - ERROR - Failed to retrieve DJ-Feel: Status code 404 for url https://www.whosampled.com/DJ-Feel/sampled/?role=1
2025-04-20 02:52:34,969 - ERROR - Failed to retrieve DJ-Shah: Status code 404 for url https://www.whosampled.com/DJ-Shah/sampled/?role=1
2025-04-20 02:53:23,278 - ERROR - Failed to retrieve Simon-Patterson: Status code 404 for url https://www.whosampled.com/Simon-Patterson/sampled/?role=1
2025-04-20 02:55:02,688 - ERROR - Failed to retrieve Tiddey: Status code 404 for url https://www.whosampled.com/Tiddey/sampled/?role=1
2025-04-20 02:55:23,449 - ERROR - Failed to retrieve Greg-Downey: Status code 404 for url https://www.whosampled.com/Greg-Downey/sampled/?role=1
2025-04-20 02:55:42,117 - ERROR - Failed to retrieve Marcel-Woods: Status code 404 for url https://www.whosampled.com/Marcel-Woods/sampled/?role=1
2025-04-20 02:56:19,928 - ERROR - Failed to retrieve Skazi: Status code 404 for url https://www.whosampled.com/Skazi/sampled/?role=1
2025-04-20 02:57:03,571 - ERROR - Failed to retrieve Solarstone: Status code 404 for url https://www.whosampled.com/Solarstone/sampled/?role=1
2025-04-20 02:57:43,591 - ERROR - Failed to retrieve Leon-Bolier: Status code 404 for url https://www.whosampled.com/Leon-Bolier/sampled/?role=1
2025-04-20 02:58:42,822 - ERROR - Failed to retrieve Alex-Morph-&-Woody-Van-Eyden: Status code 404 for url https://www.whosampled.com/Alex-Morph-&-Woody-Van-Eyden/sampled/?role=1
2025-04-20 02:58:58,784 - ERROR - Failed to retrieve Roger-Shah: Status code 404 for url https://www.whosampled.com/Roger-Shah/sampled/?role=1
2025-04-20 03:00:01,416 - ERROR - Failed to retrieve tyDi: Status code 404 for url https://www.whosampled.com/tyDi/sampled/?role=1
2025-04-20 03:00:42,758 - ERROR - Failed to retrieve Chuckie: Status code 404 for url https://www.whosampled.com/Chuckie/sampled/?role=1
2025-04-20 03:01:05,257 - ERROR - Failed to retrieve Sharam: Status code 404 for url https://www.whosampled.com/Sharam/sampled/?role=1
2025-04-20 03:01:41,924 - ERROR - Failed to retrieve Marcus-Schossow: Status code 404 for url https://www.whosampled.com/Marcus-Schossow/sampled/?role=1
2025-04-20 03:02:22,191 - ERROR - Failed to retrieve Sied-Van-Riel: Status code 404 for url https://www.whosampled.com/Sied-Van-Riel/sampled/?role=1
2025-04-20 03:03:08,381 - ERROR - Failed to retrieve Myon-&-Shane-54: Status code 404 for url https://www.whosampled.com/Myon-&-Shane-54/sampled/?role=1
2025-04-20 03:03:51,537 - ERROR - Failed to retrieve Antoine-Clamaran: Status code 404 for url https://www.whosampled.com/Antoine-Clamaran/sampled/?role=1
2025-04-20 03:08:23,617 - ERROR - Failed to retrieve Pete-Tha-Zouk: Status code 404 for url https://www.whosampled.com/Pete-Tha-Zouk/sampled/?role=1
2025-04-20 03:09:02,977 - ERROR - Failed to retrieve Bloody-Beetroots: Status code 404 for url https://www.whosampled.com/Bloody-Beetroots/sampled/?role=1
2025-04-20 03:09:24,602 - ERROR - Failed to retrieve Arnej: Status code 404 for url https://www.whosampled.com/Arnej/sampled/?role=1
2025-04-20 03:09:47,566 - ERROR - Failed to retrieve Joris-Voorn: Status code 404 for url https://www.whosampled.com/Joris-Voorn/sampled/?role=1
2025-04-20 03:11:13,124 - ERROR - Failed to retrieve Claudia-Cazacu: Status code 404 for url https://www.whosampled.com/Claudia-Cazacu/sampled/?role=1
2025-04-20 03:13:00,215 - ERROR - Failed to retrieve Coone: Status code 404 for url https://www.whosampled.com/Coone/sampled/?role=1
2025-04-20 03:14:02,106 - ERROR - Failed to retrieve Orjan-Nilsen: Status code 404 for url https://www.whosampled.com/Orjan-Nilsen/sampled/?role=1
2025-04-20 03:14:49,281 - ERROR - Failed to retrieve Francis-Davila: Status code 404 for url https://www.whosampled.com/Francis-Davila/sampled/?role=1
2025-04-20 03:17:27,667 - ERROR - Failed to retrieve Juanjo-Martin: Status code 404 for url https://www.whosampled.com/Juanjo-Martin/sampled/?role=1
2025-04-20 03:18:55,606 - ERROR - Failed to retrieve Brennan-Heart: Status code 404 for url https://www.whosampled.com/Brennan-Heart/sampled/?role=1
2025-04-20 03:20:49,813 - ERROR - Failed to retrieve Omnia: Status code 404 for url https://www.whosampled.com/Omnia/sampled/?role=1
2025-04-20 03:21:55,069 - ERROR - Failed to retrieve Shogun: Status code 404 for url https://www.whosampled.com/Shogun/sampled/?role=1
2025-04-20 03:22:32,136 - ERROR - Failed to retrieve MOSIMANN: Status code 404 for url https://www.whosampled.com/Mosimann/sampled/?role=1
2025-04-20 03:23:08,112 - ERROR - Failed to retrieve Andrew-Rayel: Status code 404 for url https://www.whosampled.com/Andrew-Rayel/sampled/?role=1
2025-04-20 03:23:51,113 - ERROR - Failed to retrieve Heatbeat: Status code 404 for url https://www.whosampled.com/Heatbeat/sampled/?role=1
2025-04-20 03:25:07,946 - ERROR - Failed to retrieve Ran-D: Status code 404 for url https://www.whosampled.com/Ran-D/sampled/?role=1
2025-04-20 03:28:54,924 - ERROR - Failed to retrieve Antoine: Status code 404 for url https://www.whosampled.com/Antoine/sampled/?role=1
2025-04-20 03:30:15,666 - ERROR - Failed to retrieve Adaro: Status code 404 for url https://www.whosampled.com/Adaro/sampled/?role=1
2025-04-20 03:30:40,825 - ERROR - Failed to retrieve Tenashar: Status code 404 for url https://www.whosampled.com/Tenashar/sampled/?role=1
2025-04-20 03:31:28,236 - ERROR - Failed to retrieve Bl3nd: Status code 404 for url https://www.whosampled.com/Bl3nd/sampled/?role=1
2025-04-20 03:31:51,849 - ERROR - Failed to retrieve Diego-Miranda: Status code 404 for url https://www.whosampled.com/Diego-Miranda/sampled/?role=1
2025-04-20 03:34:17,146 - ERROR - Failed to retrieve Kura: Status code 404 for url https://www.whosampled.com/KURA/sampled/?role=1
2025-04-20 03:34:34,289 - ERROR - Failed to retrieve Yves-V: Status code 404 for url https://www.whosampled.com/Yves-V/sampled/?role=1
2025-04-20 03:36:15,364 - ERROR - Failed to retrieve Radical-Redemption: Status code 404 for url https://www.whosampled.com/Radical-Redemption/sampled/?role=1
2025-04-20 03:39:52,292 - ERROR - Failed to retrieve Code-Black: Status code 403 for url https://www.whosampled.com/Code-Black/sampled/?role=1
2025-04-20 03:40:07,587 - ERROR - Failed to retrieve Merk-&-Kremont: Status code 404 for url https://www.whosampled.com/Merk-&-Kremont/sampled/?role=1
2025-04-20 03:42:23,840 - ERROR - Failed to retrieve Jack-U: Status code 404 for url https://www.whosampled.com/Jack-U/sampled/?role=1
2025-04-20 03:42:39,640 - ERROR - Failed to retrieve Tom-Swoon: Status code 404 for url https://www.whosampled.com/Tom-Swoon/sampled/?role=1
2025-04-20 03:46:04,325 - ERROR - Failed to retrieve MaRLo: Status code 404 for url https://www.whosampled.com/MaRLO/sampled/?role=1
2025-04-20 03:46:22,660 - ERROR - Failed to retrieve Miss-K8: Status code 404 for url https://www.whosampled.com/Miss-K8/sampled/?role=1
2025-04-20 03:47:03,825 - ERROR - Failed to retrieve Swanky-Tunes: Status code 404 for url https://www.whosampled.com/Swanky-Tunes/sampled/?role=1
2025-04-20 03:47:59,925 - ERROR - Failed to retrieve Florian-Picasso: Status code 404 for url https://www.whosampled.com/Florian-Picasso/sampled/?role=1
2025-04-20 03:48:16,635 - ERROR - Failed to retrieve Lost-Stories: Status code 404 for url https://www.whosampled.com/Lost-Stories/sampled/?role=1
2025-04-20 03:50:19,855 - ERROR - Failed to retrieve Carl-Nunes: Status code 404 for url https://www.whosampled.com/Carl-Nunes/sampled/?role=1
2025-04-20 03:53:11,636 - ERROR - Failed to retrieve Warface: Status code 404 for url https://www.whosampled.com/Warface/sampled/?role=1
2025-04-20 03:54:19,580 - ERROR - Failed to retrieve Cat-Dealers: Status code 404 for url https://www.whosampled.com/Cat-Dealers/sampled/?role=1
2025-04-20 03:55:02,323 - ERROR - Failed to retrieve Mariana-Bo: Status code 404 for url https://www.whosampled.com/Mariana-BO/sampled/?role=1
2025-04-20 03:55:58,137 - ERROR - Failed to retrieve Maceo-Plex: Status code 404 for url https://www.whosampled.com/Maceo-Plex/sampled/?role=1
2025-04-20 03:56:20,349 - ERROR - Failed to retrieve Carta: Status code 404 for url https://www.whosampled.com/Carta/sampled/?role=1
2025-04-20 03:56:41,646 - ERROR - Failed to retrieve Julian-Jordan: Status code 404 for url https://www.whosampled.com/Julian-Jordan/sampled/?role=1
2025-04-20 03:57:02,550 - ERROR - Failed to retrieve DJ-L: Status code 404 for url https://www.whosampled.com/DJ-L/sampled/?role=1
2025-04-20 03:57:25,216 - ERROR - Failed to retrieve Jeffrey-Sutorius: Status code 404 for url https://www.whosampled.com/Jeffrey-Sutorius/sampled/?role=1
2025-04-20 03:57:47,285 - ERROR - Failed to retrieve MATTN: Status code 404 for url https://www.whosampled.com/MATTN/sampled/?role=1
2025-04-20 03:58:47,496 - ERROR - Failed to retrieve Mosimann: Status code 404 for url https://www.whosampled.com/Mosimann/sampled/?role=1
2025-04-20 03:59:33,123 - ERROR - Failed to retrieve Marco-Carola: Status code 404 for url https://www.whosampled.com/Marco-Carola/sampled/?role=1
2025-04-20 04:00:25,060 - ERROR - Failed to retrieve Rave-Republic: Status code 404 for url https://www.whosampled.com/Rave-Republic/sampled/?role=1
2025-04-20 04:00:44,465 - ERROR - Failed to retrieve SLANDER: Status code 404 for url https://www.whosampled.com/Slander/sampled/?role=1
2025-04-20 04:01:38,195 - ERROR - Failed to retrieve 3-Are-Legend: Status code 404 for url https://www.whosampled.com/3-Are-Legend/sampled/?role=1
2025-04-20 04:01:56,758 - ERROR - Failed to retrieve Charlotte-de-Witte: Status code 404 for url https://www.whosampled.com/Charlotte-De-Witte/sampled/?role=1
2025-04-20 04:02:37,829 - ERROR - Failed to retrieve Tom-&-Collins: Status code 404 for url https://www.whosampled.com/Tom-&-Collins/sampled/?role=1
2025-04-20 04:02:56,810 - ERROR - Failed to retrieve Boris-Brejcha: Status code 404 for url https://www.whosampled.com/Boris-Brejcha/sampled/?role=1
2025-04-20 04:03:33,410 - ERROR - Failed to retrieve Sub-Zero-Project: Status code 404 for url https://www.whosampled.com/Sub-Zero-Project/sampled/?role=1
2025-04-20 04:03:54,657 - ERROR - Failed to retrieve D.O.D: Status code 404 for url https://www.whosampled.com/D.O.D/sampled/?role=1
2025-04-20 04:04:12,874 - ERROR - Failed to retrieve Henri-PFR: Status code 404 for url https://www.whosampled.com/Henri-PFR/sampled/?role=1
2025-04-20 04:04:36,711 - ERROR - Failed to retrieve REZZ: Status code 404 for url https://www.whosampled.com/Rezz/sampled/?role=1
2025-04-20 04:04:59,969 - ERROR - Failed to retrieve Amelie-Lens: Status code 404 for url https://www.whosampled.com/Amelie-Lens/sampled/?role=1
2025-04-20 04:05:20,541 - ERROR - Failed to retrieve Jamie-Jones: Status code 404 for url https://www.whosampled.com/Jamie-Jones/sampled/?role=1
2025-04-20 04:06:02,579 - ERROR - Failed to retrieve TBC---marek: Status code 404 for url https://www.whosampled.com/TBC---marek/sampled/?role=1
2025-04-20 04:06:21,799 - ERROR - Failed to retrieve Mr-Pig: Status code 404 for url https://www.whosampled.com/Mr-Pig/sampled/?role=1
2025-04-20 04:06:37,948 - ERROR - Failed to retrieve Pink-Panda: Status code 404 for url https://www.whosampled.com/Pink-Panda/sampled/?role=1
2025-04-20 04:07:33,371 - ERROR - Failed to retrieve Sunnery-James-&-Ryan-Marciano: Status code 404 for url https://www.whosampled.com/Sunnery-James-&-Ryan-Marciano/sampled/?role=1
2025-04-20 04:07:57,769 - ERROR - Failed to retrieve Aryue: Status code 404 for url https://www.whosampled.com/Aryue/sampled/?role=1
2025-04-20 04:08:14,423 - ERROR - Failed to retrieve Burak-Yeter: Status code 403 for url https://www.whosampled.com/Burak-Yeter/sampled/?role=1
2025-04-20 04:08:30,250 - ERROR - Failed to retrieve Tungevaag: Status code 404 for url https://www.whosampled.com/Tungevaag/sampled/?role=1
2025-04-20 04:08:54,075 - ERROR - Failed to retrieve Deborah-De-Luca: Status code 404 for url https://www.whosampled.com/Deborah-De-Luca/sampled/?role=1
2025-04-20 04:09:16,942 - ERROR - Failed to retrieve Mike-Perry: Status code 404 for url https://www.whosampled.com/Mike-Perry/sampled/?role=1
2025-04-20 04:09:57,646 - ERROR - Failed to retrieve Dimitri-Vangelis-&-Wyman: Status code 404 for url https://www.whosampled.com/Dimitri-Vangelis-&-Wyman/sampled/?role=1
2025-04-20 04:10:32,568 - ERROR - Failed to retrieve 22Bullets: Status code 404 for url https://www.whosampled.com/22Bullets/sampled/?role=1
2025-04-20 04:10:51,694 - ERROR - Failed to retrieve GORDO: Status code 404 for url https://www.whosampled.com/Gordo/sampled/?role=1
2025-04-20 04:11:41,368 - ERROR - Failed to retrieve Beauz: Status code 404 for url https://www.whosampled.com/Beauz/sampled/?role=1
2025-04-20 04:11:57,922 - ERROR - Failed to retrieve Panta-Q: Status code 404 for url https://www.whosampled.com/Panta-Q/sampled/?role=1
2025-04-20 04:12:14,942 - ERROR - Failed to retrieve Naeleck: Status code 404 for url https://www.whosampled.com/Naeleck/sampled/?role=1
2025-04-20 04:13:15,296 - ERROR - Failed to retrieve Giftback: Status code 404 for url https://www.whosampled.com/Giftback/sampled/?role=1
2025-04-20 04:13:31,365 - ERROR - Failed to retrieve Christina-Novelli: Status code 403 for url https://www.whosampled.com/Christina-Novelli/sampled/?role=1
2025-04-20 04:13:52,003 - ERROR - Failed to retrieve KAKA: Status code 404 for url https://www.whosampled.com/Kaka/sampled/?role=1
2025-04-20 04:14:11,314 - ERROR - Failed to retrieve Luminn: Status code 404 for url https://www.whosampled.com/Luminn/sampled/?role=1
2025-04-20 04:14:36,609 - ERROR - Failed to retrieve Alexso: Status code 404 for url https://www.whosampled.com/Alexso/sampled/?role=1
2025-04-20 04:14:59,453 - ERROR - Failed to retrieve Daddy’s-Groove: Status code 404 for url https://www.whosampled.com/Daddy%E2%80%99s-Groove/sampled/?role=1
2025-04-20 04:15:21,979 - ERROR - Failed to retrieve Dexter-King: Status code 404 for url https://www.whosampled.com/Dexter-King/sampled/?role=1
2025-04-20 04:16:04,025 - ERROR - Failed to retrieve Reinier-Zonneveld: Status code 404 for url https://www.whosampled.com/Reinier-Zonneveld/sampled/?role=1
2025-04-20 04:17:20,867 - ERROR - Failed to retrieve Honey-Dijon: Status code 404 for url https://www.whosampled.com/Honey-Dijon/sampled/?role=1
2025-04-20 04:17:58,053 - ERROR - Failed to retrieve Le-Twins: Status code 404 for url https://www.whosampled.com/Le-Twins/sampled/?role=1
2025-04-20 04:18:15,494 - ERROR - Failed to retrieve Dubdogz: Status code 404 for url https://www.whosampled.com/Dubdogz/sampled/?role=1
2025-04-20 04:19:04,255 - ERROR - Failed to retrieve Cuebrick: Status code 404 for url https://www.whosampled.com/Cuebrick/sampled/?role=1
2025-04-20 04:19:25,540 - ERROR - Failed to retrieve The-Martinez-Brothers: Status code 404 for url https://www.whosampled.com/The-Martinez-Brothers/sampled/?role=1
2025-04-20 04:21:31,469 - ERROR - Failed to retrieve Lizzy-Wang: Status code 404 for url https://www.whosampled.com/Lizzy-Wang/sampled/?role=1
2025-04-20 04:21:47,740 - ERROR - Failed to retrieve Indira-Paganotto: Status code 404 for url https://www.whosampled.com/Indira-Paganotto/sampled/?role=1
2025-04-20 04:22:06,677 - ERROR - Failed to retrieve Liu: Status code 404 for url https://www.whosampled.com/Liu/sampled/?role=1
2025-04-20 04:22:25,550 - ERROR - Failed to retrieve Le-Shuuk: Status code 404 for url https://www.whosampled.com/Le-Shuuk/sampled/?role=1
2025-04-20 04:23:02,881 - ERROR - Failed to retrieve Keinemusik: Status code 404 for url https://www.whosampled.com/Keinemusik/sampled/?role=1
2025-04-20 04:23:25,434 - ERROR - Failed to retrieve Korolova: Status code 404 for url https://www.whosampled.com/Korolova/sampled/?role=1
2025-04-20 04:23:50,063 - ERROR - Failed to retrieve Mochakk: Status code 404 for url https://www.whosampled.com/Mochakk/sampled/?role=1
2025-04-20 04:24:41,578 - ERROR - Failed to retrieve Sara-Landry: Status code 404 for url https://www.whosampled.com/Sara-Landry/sampled/?role=1
2025-04-20 04:25:37,887 - ERROR - Failed to retrieve WUKONG: Status code 404 for url https://www.whosampled.com/WUKONG/sampled/?role=1
2025-04-20 04:26:40,871 - ERROR - Failed to retrieve B-Jones: Status code 404 for url https://www.whosampled.com/B-Jones/sampled/?role=1
2025-04-20 04:27:01,825 - ERROR - Failed to retrieve Giuseppe-Ottaviani: Status code 404 for url https://www.whosampled.com/Giuseppe-Ottaviani/sampled/?role=1
