2025-04-26 13:09:37,534 - ERROR - Failed to retrieve Hernan-Cattaneo: Status code 404 for url https://www.whosampled.com/Hernan-Cattaneo/samples/?role=1
2025-04-26 13:10:00,832 - ERROR - Failed to retrieve Christopher-Lawrence: Status code 404 for url https://www.whosampled.com/Christopher-Lawrence/samples/?role=1
2025-04-26 13:10:23,989 - ERROR - Failed to retrieve John-Digweed: Status code 404 for url https://www.whosampled.com/John-Digweed/samples/?role=1
2025-04-26 13:12:26,936 - ERROR - Failed to retrieve Judge-Jules: Status code 404 for url https://www.whosampled.com/Judge-Jules/samples/?role=1
2025-04-26 13:12:44,322 - ERROR - Failed to retrieve James-Zabiela: Status code 404 for url https://www.whosampled.com/James-Zabiela/samples/?role=1
2025-04-26 13:14:43,022 - ERROR - Failed to retrieve Steve-Lawler: Status code 404 for url https://www.whosampled.com/Steve-Lawler/samples/?role=1
2025-04-26 13:16:03,921 - ERROR - Failed to retrieve Eddie-Halliwell: Status code 404 for url https://www.whosampled.com/Eddie-Halliwell/samples/?role=1
2025-04-26 13:16:58,965 - ERROR - Failed to retrieve Johan-Gielen: Status code 404 for url https://www.whosampled.com/Johan-Gielen/samples/?role=1
2025-04-26 13:21:43,314 - ERROR - Failed to retrieve Nick-Warren: Status code 403 for url https://www.whosampled.com/Nick-Warren/samples/?role=1
2025-04-26 13:24:57,234 - ERROR - Failed to retrieve John-'00'-Fleming: Status code 404 for url https://www.whosampled.com/John-'00'-Fleming/samples/?role=1
2025-04-26 13:25:18,721 - ERROR - Failed to retrieve Plump-DJ's: Status code 404 for url https://www.whosampled.com/Plump-DJ's/samples/?role=1
2025-04-26 13:26:20,596 - ERROR - Failed to retrieve Lee-Burridge: Status code 404 for url https://www.whosampled.com/Lee-Burridge/samples/?role=1
2025-04-26 13:26:39,734 - ERROR - Failed to retrieve Dave-Seaman: Status code 404 for url https://www.whosampled.com/Dave-Seaman/samples/?role=1
2025-04-26 13:27:26,409 - ERROR - Failed to retrieve Matt-Hardwick: Status code 404 for url https://www.whosampled.com/Matt-Hardwick/samples/?role=1
2025-04-26 13:27:44,235 - ERROR - Failed to retrieve Slacker: Status code 403 for url https://www.whosampled.com/Slacker/samples/?role=1
2025-04-26 13:28:18,825 - ERROR - Failed to retrieve M.I.K.E.: Status code 404 for url https://www.whosampled.com/M.I.K.E./samples/?role=1
2025-04-26 13:29:00,203 - ERROR - Failed to retrieve Max-Graham: Status code 404 for url https://www.whosampled.com/Max-Graham/samples/?role=1
2025-04-26 13:29:46,394 - ERROR - Failed to retrieve Mario-Piu: Status code 404 for url https://www.whosampled.com/Mario-Piu/samples/?role=1
2025-04-26 13:31:30,022 - ERROR - Failed to retrieve DJ-Yahel: Status code 404 for url https://www.whosampled.com/DJ-Yahel/samples/?role=1
2025-04-26 13:31:48,952 - ERROR - Failed to retrieve Andy-Moor: Status code 404 for url https://www.whosampled.com/Andy-Moor/samples/?role=1
2025-04-26 13:32:28,184 - ERROR - Failed to retrieve Ricky-Stone: Status code 404 for url https://www.whosampled.com/Ricky-Stone/samples/?role=1
2025-04-26 13:32:47,641 - ERROR - Failed to retrieve Martin-Garcia: Status code 404 for url https://www.whosampled.com/Martin-Garcia/samples/?role=1
2025-04-26 13:33:03,410 - ERROR - Failed to retrieve Frank-T.R.A.X: Status code 404 for url https://www.whosampled.com/Frank-T.R.A.X/samples/?role=1
2025-04-26 13:33:38,841 - ERROR - Failed to retrieve Desyn-Masiello: Status code 404 for url https://www.whosampled.com/Desyn-Masiello/samples/?role=1
2025-04-26 13:35:07,933 - ERROR - Failed to retrieve The-Flash-Brothers: Status code 404 for url https://www.whosampled.com/The-Flash-Brothers/samples/?role=1
2025-04-26 13:35:24,824 - ERROR - Failed to retrieve Donald-Glaude: Status code 404 for url https://www.whosampled.com/Donald-Glaude/samples/?role=1
2025-04-26 13:36:04,404 - ERROR - Failed to retrieve DJ-Tatana: Status code 404 for url https://www.whosampled.com/DJ-Tatana/samples/?role=1
2025-04-26 13:38:07,503 - ERROR - Failed to retrieve Miss-Kitten: Status code 404 for url https://www.whosampled.com/Miss-Kitten/samples/?role=1
2025-04-26 13:38:50,205 - ERROR - Failed to retrieve Christian-Cambas: Status code 404 for url https://www.whosampled.com/Christian-Cambas/samples/?role=1
2025-04-26 13:39:10,512 - ERROR - Failed to retrieve Scot-Project: Status code 404 for url https://www.whosampled.com/Scot-Project/samples/?role=1
2025-04-26 13:40:31,593 - ERROR - Failed to retrieve Proteus: Status code 404 for url https://www.whosampled.com/Proteus/samples/?role=1
2025-04-26 13:40:56,375 - ERROR - Failed to retrieve Moshic: Status code 404 for url https://www.whosampled.com/Moshic/samples/?role=1
2025-04-26 13:41:16,647 - ERROR - Failed to retrieve DJ-Amadeus: Status code 404 for url https://www.whosampled.com/DJ-Amadeus/samples/?role=1
2025-04-26 13:42:21,486 - ERROR - Failed to retrieve Magda: Status code 404 for url https://www.whosampled.com/Magda/samples/?role=1
2025-04-26 13:42:41,500 - ERROR - Failed to retrieve John-Acquaviva: Status code 404 for url https://www.whosampled.com/John-Acquaviva/samples/?role=1
2025-04-26 13:42:57,080 - ERROR - Failed to retrieve Flash-Brothers: Status code 404 for url https://www.whosampled.com/Flash-Brothers/samples/?role=1
2025-04-26 13:44:28,565 - ERROR - Failed to retrieve DJ-Skazi: Status code 404 for url https://www.whosampled.com/DJ-Skazi/samples/?role=1
2025-04-26 13:44:53,133 - ERROR - Failed to retrieve D-Formation: Status code 404 for url https://www.whosampled.com/D-Formation/samples/?role=1
2025-04-26 13:45:14,431 - ERROR - Failed to retrieve The-Thrillseekers: Status code 404 for url https://www.whosampled.com/The-Thrillseekers/samples/?role=1
2025-04-26 13:45:35,999 - ERROR - Failed to retrieve Kyau-&-Albert: Status code 404 for url https://www.whosampled.com/Kyau-&-Albert/samples/?role=1
2025-04-26 13:45:59,142 - ERROR - Failed to retrieve Bob-Sinclair: Status code 404 for url https://www.whosampled.com/Bob-Sinclair/samples/?role=1
2025-04-26 13:46:44,597 - ERROR - Failed to retrieve Wrecked-Machines: Status code 404 for url https://www.whosampled.com/Wrecked-Machines/samples/?role=1
2025-04-26 13:47:04,811 - ERROR - Failed to retrieve Dion-Mavath: Status code 403 for url https://www.whosampled.com/Dion-Mavath/samples/?role=1
2025-04-26 13:48:22,572 - ERROR - Failed to retrieve Simon-Posford: Status code 404 for url https://www.whosampled.com/Simon-Posford/samples/?role=1
2025-04-26 13:48:53,022 - ERROR - Failed to retrieve Menno-De-Jong: Status code 404 for url https://www.whosampled.com/Menno-De-Jong/samples/?role=1
2025-04-26 13:49:36,520 - ERROR - Failed to retrieve Filo-&-Peri: Status code 403 for url https://www.whosampled.com/Filo-&-Peri/samples/?role=1
2025-04-26 13:50:00,276 - ERROR - Failed to retrieve DJ-Tarkan: Status code 404 for url https://www.whosampled.com/DJ-Tarkan/samples/?role=1
2025-04-26 13:50:16,046 - ERROR - Failed to retrieve Anderson-Noise: Status code 404 for url https://www.whosampled.com/Anderson-Noise/samples/?role=1
2025-04-26 13:51:09,765 - ERROR - Failed to retrieve Tallah-2XLC: Status code 404 for url https://www.whosampled.com/Tallah-2XLC/samples/?role=1
2025-04-26 13:51:30,728 - ERROR - Failed to retrieve Ronski-Speed: Status code 404 for url https://www.whosampled.com/Ronski-Speed/samples/?role=1
2025-04-26 13:51:50,985 - ERROR - Failed to retrieve Axel-Karakasis: Status code 404 for url https://www.whosampled.com/Axel-Karakasis/samples/?role=1
2025-04-26 13:56:10,907 - ERROR - Failed to retrieve Valentino-Kanzyani: Status code 404 for url https://www.whosampled.com/Valentino-Kanzyani/samples/?role=1
2025-04-26 13:57:25,779 - ERROR - Failed to retrieve Hype: Status code 404 for url https://www.whosampled.com/Hype/samples/?role=1
2025-04-26 14:00:18,692 - ERROR - Failed to retrieve Dubfire: Status code 404 for url https://www.whosampled.com/Dubfire/samples/?role=1
2025-04-26 14:01:20,887 - ERROR - Failed to retrieve Marco-Lenzi: Status code 404 for url https://www.whosampled.com/Marco-Lenzi/samples/?role=1
2025-04-26 14:01:45,155 - ERROR - Failed to retrieve Adam-Sheridan: Status code 404 for url https://www.whosampled.com/Adam-Sheridan/samples/?role=1
2025-04-26 14:02:23,270 - ERROR - Failed to retrieve DJ-Feel: Status code 404 for url https://www.whosampled.com/DJ-Feel/samples/?role=1
2025-04-26 14:02:45,733 - ERROR - Failed to retrieve DJ-Shah: Status code 404 for url https://www.whosampled.com/DJ-Shah/samples/?role=1
2025-04-26 14:03:02,655 - ERROR - Failed to retrieve John-O'Callaghan: Status code 404 for url https://www.whosampled.com/John-O'Callaghan/samples/?role=1
2025-04-26 14:04:59,406 - ERROR - Failed to retrieve Tiddey: Status code 404 for url https://www.whosampled.com/Tiddey/samples/?role=1
2025-04-26 14:05:16,955 - ERROR - Failed to retrieve Greg-Downey: Status code 404 for url https://www.whosampled.com/Greg-Downey/samples/?role=1
2025-04-26 14:05:53,428 - ERROR - Failed to retrieve Solar-System: Status code 404 for url https://www.whosampled.com/Solar-System/samples/?role=1
2025-04-26 14:07:22,421 - ERROR - Failed to retrieve Leon-Bolier: Status code 404 for url https://www.whosampled.com/Leon-Bolier/samples/?role=1
2025-04-26 14:08:25,182 - ERROR - Failed to retrieve Alex-Morph-&-Woody-Van-Eyden: Status code 404 for url https://www.whosampled.com/Alex-Morph-&-Woody-Van-Eyden/samples/?role=1
2025-04-26 14:08:48,325 - ERROR - Failed to retrieve Roger-Shah: Status code 404 for url https://www.whosampled.com/Roger-Shah/samples/?role=1
2025-04-26 14:09:58,716 - ERROR - Failed to retrieve tyDi: Status code 404 for url https://www.whosampled.com/tyDi/samples/?role=1
2025-04-26 14:11:18,005 - ERROR - Failed to retrieve Moonbeam: Status code 404 for url https://www.whosampled.com/Moonbeam/samples/?role=1
2025-04-26 14:11:39,527 - ERROR - Failed to retrieve Marcus-Schossow: Status code 404 for url https://www.whosampled.com/Marcus-Schossow/samples/?role=1
2025-04-26 14:12:20,971 - ERROR - Failed to retrieve Sied-Van-Riel: Status code 404 for url https://www.whosampled.com/Sied-Van-Riel/samples/?role=1
2025-04-26 14:12:41,276 - ERROR - Failed to retrieve Daniel-Kandi: Status code 404 for url https://www.whosampled.com/Daniel-Kandi/samples/?role=1
2025-04-26 14:13:03,375 - ERROR - Failed to retrieve Myon-&-Shane-54: Status code 404 for url https://www.whosampled.com/Myon-&-Shane-54/samples/?role=1
2025-04-26 14:19:10,131 - ERROR - Failed to retrieve Bloody-Beetroots: Status code 404 for url https://www.whosampled.com/Bloody-Beetroots/samples/?role=1
2025-04-26 14:19:26,984 - ERROR - Failed to retrieve Arnej: Status code 404 for url https://www.whosampled.com/Arnej/samples/?role=1
2025-04-26 14:21:02,041 - ERROR - Failed to retrieve Claudia-Cazacu: Status code 403 for url https://www.whosampled.com/Claudia-Cazacu/samples/?role=1
2025-04-26 14:23:52,435 - ERROR - Failed to retrieve Orjan-Nilsen: Status code 404 for url https://www.whosampled.com/Orjan-Nilsen/samples/?role=1
2025-04-26 14:24:30,652 - ERROR - Failed to retrieve Francis-Davila: Status code 404 for url https://www.whosampled.com/Francis-Davila/samples/?role=1
2025-04-26 14:27:24,703 - ERROR - Failed to retrieve Tenishia: Status code 404 for url https://www.whosampled.com/Tenishia/samples/?role=1
2025-04-26 14:33:00,893 - ERROR - Failed to retrieve Andrew-Rayel: Status code 403 for url https://www.whosampled.com/Andrew-Rayel/samples/?role=1
2025-04-26 14:33:39,093 - ERROR - Failed to retrieve Heatbeat: Status code 404 for url https://www.whosampled.com/Heatbeat/samples/?role=1
2025-04-26 14:36:26,510 - ERROR - Failed to retrieve Project-46: Status code 404 for url https://www.whosampled.com/Project-46/samples/?role=1
2025-04-26 14:40:48,624 - ERROR - Failed to retrieve Tenashar: Status code 404 for url https://www.whosampled.com/Tenashar/samples/?role=1
2025-04-26 14:41:24,936 - ERROR - Failed to retrieve Bl3nd: Status code 404 for url https://www.whosampled.com/Bl3nd/samples/?role=1
2025-04-26 14:52:54,726 - ERROR - Failed to retrieve Jack-U: Status code 404 for url https://www.whosampled.com/Jack-U/samples/?role=1
2025-04-26 14:56:37,100 - ERROR - Failed to retrieve MaRLo: Status code 404 for url https://www.whosampled.com/MaRLO/samples/?role=1
2025-04-26 14:58:33,728 - ERROR - Failed to retrieve Florian-Picasso: Status code 404 for url https://www.whosampled.com/Florian-Picasso/samples/?role=1
2025-04-26 14:58:54,993 - ERROR - Failed to retrieve Lost-Stories: Status code 404 for url https://www.whosampled.com/Lost-Stories/samples/?role=1
2025-04-26 15:01:01,843 - ERROR - Failed to retrieve Carl-Nunes: Status code 404 for url https://www.whosampled.com/Carl-Nunes/samples/?role=1
2025-04-26 15:01:44,118 - ERROR - Failed to retrieve Jay-Hardway: Status code 404 for url https://www.whosampled.com/Jay-Hardway/samples/?role=1
2025-04-26 15:07:19,223 - ERROR - Failed to retrieve Julian-Jordan: Status code 404 for url https://www.whosampled.com/Julian-Jordan/samples/?role=1
2025-04-26 15:07:38,882 - ERROR - Failed to retrieve DJ-L: Status code 404 for url https://www.whosampled.com/DJ-L/samples/?role=1
2025-04-26 15:07:54,522 - ERROR - Failed to retrieve Jeffrey-Sutorius: Status code 404 for url https://www.whosampled.com/Jeffrey-Sutorius/samples/?role=1
2025-04-26 15:09:50,739 - ERROR - Failed to retrieve Marco-Carola: Status code 404 for url https://www.whosampled.com/Marco-Carola/samples/?role=1
2025-04-26 15:10:47,847 - ERROR - Failed to retrieve Rave-Republic: Status code 404 for url https://www.whosampled.com/Rave-Republic/samples/?role=1
2025-04-26 15:12:13,395 - ERROR - Failed to retrieve 3-Are-Legend: Status code 404 for url https://www.whosampled.com/3-Are-Legend/samples/?role=1
2025-04-26 15:13:38,677 - ERROR - Failed to retrieve Boris-Brejcha: Status code 404 for url https://www.whosampled.com/Boris-Brejcha/samples/?role=1
2025-04-26 15:15:43,046 - ERROR - Failed to retrieve Amelie-Lens: Status code 404 for url https://www.whosampled.com/Amelie-Lens/samples/?role=1
2025-04-26 15:16:47,700 - ERROR - Failed to retrieve TBC---marek: Status code 404 for url https://www.whosampled.com/TBC---marek/samples/?role=1
2025-04-26 15:18:49,181 - ERROR - Failed to retrieve Aryue: Status code 404 for url https://www.whosampled.com/Aryue/samples/?role=1
2025-04-26 15:20:30,289 - ERROR - Failed to retrieve ANNA: Status code 404 for url https://www.whosampled.com/Anna/samples/?role=1
2025-04-26 15:20:53,462 - ERROR - Failed to retrieve Dimitri-Vangelis-&-Wyman: Status code 404 for url https://www.whosampled.com/Dimitri-Vangelis-&-Wyman/samples/?role=1
2025-04-26 15:22:36,766 - ERROR - Failed to retrieve Beauz: Status code 404 for url https://www.whosampled.com/Beauz/samples/?role=1
2025-04-26 15:22:57,707 - ERROR - Failed to retrieve Panta-Q: Status code 404 for url https://www.whosampled.com/Panta-Q/samples/?role=1
2025-04-26 15:24:20,346 - ERROR - Failed to retrieve Giftback: Status code 404 for url https://www.whosampled.com/Giftback/samples/?role=1
2025-04-26 15:24:37,109 - ERROR - Failed to retrieve Christina-Novelli: Status code 404 for url https://www.whosampled.com/Christina-Novelli/samples/?role=1
2025-04-26 15:24:55,715 - ERROR - Failed to retrieve KAKA: Status code 404 for url https://www.whosampled.com/Kaka/samples/?role=1
2025-04-26 15:25:19,535 - ERROR - Failed to retrieve Luminn: Status code 404 for url https://www.whosampled.com/Luminn/samples/?role=1
2025-04-26 15:25:42,766 - ERROR - Failed to retrieve Alexso: Status code 404 for url https://www.whosampled.com/Alexso/samples/?role=1
2025-04-26 15:26:00,097 - ERROR - Failed to retrieve Daddy’s-Groove: Status code 404 for url https://www.whosampled.com/Daddy%E2%80%99s-Groove/samples/?role=1
2025-04-26 15:26:22,526 - ERROR - Failed to retrieve Dexter-King: Status code 404 for url https://www.whosampled.com/Dexter-King/samples/?role=1
2025-04-26 15:29:04,724 - ERROR - Failed to retrieve Le-Twins: Status code 404 for url https://www.whosampled.com/Le-Twins/samples/?role=1
2025-04-26 15:30:09,914 - ERROR - Failed to retrieve Cuebrick: Status code 404 for url https://www.whosampled.com/Cuebrick/samples/?role=1
2025-04-26 15:32:41,385 - ERROR - Failed to retrieve Indira-Paganotto: Status code 404 for url https://www.whosampled.com/Indira-Paganotto/samples/?role=1
2025-04-26 15:34:15,274 - ERROR - Failed to retrieve Korolova: Status code 404 for url https://www.whosampled.com/Korolova/samples/?role=1
2025-04-26 15:36:53,953 - ERROR - Failed to retrieve WUKONG: Status code 404 for url https://www.whosampled.com/WUKONG/samples/?role=1
2025-04-26 15:37:54,605 - ERROR - Failed to retrieve B-Jones: Status code 404 for url https://www.whosampled.com/B-Jones/samples/?role=1
