2025-04-19 22:14:39,152 - ERROR - Failed to retrieve DJ-Vibe: Status code 404
2025-04-19 22:14:44,239 - ERROR - Failed to retrieve Kai-Tracid: Status code 404
2025-04-19 22:14:48,480 - ERROR - Failed to retrieve DJ-Yahel: Status code 404
2025-04-19 22:14:50,946 - ERROR - Failed to retrieve Ricky-Stone: Status code 404
2025-04-19 22:14:55,825 - ERROR - Failed to retrieve The-Flash-Brothers: Status code 404
2025-04-19 22:15:00,965 - ERROR - Failed to retrieve John-Graham: Status code 404
2025-04-19 22:15:04,190 - ERROR - Failed to retrieve DJ-Tarkan: Status code 403
2025-04-19 22:15:08,727 - ERROR - Failed to retrieve Hype: Status code 404
2025-04-19 22:15:11,246 - ERROR - Failed to retrieve Marcus-Schossow: Status code 404
2025-04-19 22:15:15,665 - ERROR - Failed to retrieve Adaro: Status code 404
2025-04-19 22:15:18,859 - ERROR - Failed to retrieve Swanky-Tunes: Status code 404
2025-04-19 22:15:22,455 - ERROR - Failed to retrieve Aryue: Status code 404
2025-04-19 22:15:26,137 - ERROR - Failed to retrieve Burak-Yeter: Status code 404
2025-04-19 22:15:31,073 - ERROR - Failed to retrieve GORDO: Status code 403
2025-04-19 22:15:36,166 - ERROR - Failed to retrieve Beauz: Status code 404
2025-04-19 22:15:41,215 - ERROR - Failed to retrieve Giuseppe-Ottaviani: Status code 404
2025-04-19 22:15:46,337 - ERROR - Failed to retrieve Hernan-Cattaneo: Status code 404
2025-04-19 22:17:55,927 - ERROR - Failed to retrieve DJ-Vibe: Status code 404
2025-04-19 22:18:02,411 - ERROR - Failed to retrieve Kai-Tracid: Status code 404
2025-04-19 22:18:11,866 - ERROR - Failed to retrieve DJ-Yahel: Status code 403
2025-04-19 22:18:21,868 - ERROR - Failed to retrieve Ricky-Stone: Status code 404
2025-04-19 22:18:27,339 - ERROR - Failed to retrieve The-Flash-Brothers: Status code 404
2025-04-19 22:18:32,885 - ERROR - Failed to retrieve John-Graham: Status code 404
2025-04-19 22:18:39,128 - ERROR - Failed to retrieve DJ-Tarkan: Status code 404
2025-04-19 22:18:44,390 - ERROR - Failed to retrieve Hype: Status code 404
2025-04-19 22:18:51,661 - ERROR - Failed to retrieve Marcus-Schossow: Status code 404
2025-04-19 22:18:59,037 - ERROR - Failed to retrieve Adaro: Status code 404
2025-04-19 22:19:05,885 - ERROR - Failed to retrieve Swanky-Tunes: Status code 403
2025-04-19 22:19:11,262 - ERROR - Failed to retrieve Aryue: Status code 404
2025-04-19 22:19:20,633 - ERROR - Failed to retrieve Burak-Yeter: Status code 404
2025-04-19 22:19:29,437 - ERROR - Failed to retrieve GORDO: Status code 404
2025-04-19 22:19:35,172 - ERROR - Failed to retrieve Beauz: Status code 404
2025-04-19 22:19:43,999 - ERROR - Failed to retrieve Maddix: Status code 403
2025-04-19 22:19:51,093 - ERROR - Failed to retrieve Giuseppe-Ottaviani: Status code 404
2025-04-19 22:19:57,284 - ERROR - Failed to retrieve Hernan-Cattaneo: Status code 404
2025-04-19 22:22:46,830 - ERROR - Failed to retrieve DJ-Vibe: Status code 404
2025-04-19 22:22:53,614 - ERROR - Failed to retrieve Kai-Tracid: Status code 404
2025-04-19 22:23:02,196 - ERROR - Failed to retrieve DJ-Yahel: Status code 404
2025-04-19 22:23:09,404 - ERROR - Failed to retrieve Ricky-Stone: Status code 404
2025-04-19 22:23:17,697 - ERROR - Failed to retrieve The-Flash-Brothers: Status code 404
2025-04-19 22:23:26,439 - ERROR - Failed to retrieve John-Graham: Status code 404
2025-04-19 22:23:33,604 - ERROR - Failed to retrieve DJ-Tarkan: Status code 404
2025-04-19 22:23:38,836 - ERROR - Failed to retrieve Hype: Status code 404
2025-04-19 22:23:44,012 - ERROR - Failed to retrieve Marcus-Schossow: Status code 404
2025-04-19 22:23:51,791 - ERROR - Failed to retrieve Adaro: Status code 404
2025-04-19 22:23:57,663 - ERROR - Failed to retrieve Swanky-Tunes: Status code 404
2025-04-19 22:24:05,341 - ERROR - Failed to retrieve Aryue: Status code 404
2025-04-19 22:24:14,791 - ERROR - Failed to retrieve Burak-Yeter: Status code 404
2025-04-19 22:24:22,815 - ERROR - Failed to retrieve GORDO: Status code 404
2025-04-19 22:24:29,188 - ERROR - Failed to retrieve Beauz: Status code 404
2025-04-19 22:24:46,076 - ERROR - Failed to retrieve Giuseppe-Ottaviani: Status code 404
2025-04-19 22:24:52,641 - ERROR - Failed to retrieve Hernan-Cattaneo: Status code 404
2025-04-19 22:35:20,076 - ERROR - Failed to retrieve DJ-Vibe: Status code 404
2025-04-19 22:35:35,217 - ERROR - Failed to retrieve Kai-Tracid: Status code 404
2025-04-19 22:35:50,636 - ERROR - Failed to retrieve DJ-Yahel: Status code 404
2025-04-19 22:36:06,100 - ERROR - Failed to retrieve Ricky-Stone: Status code 404
2025-04-19 22:36:21,458 - ERROR - Failed to retrieve The-Flash-Brothers: Status code 404
2025-04-19 22:36:36,616 - ERROR - Failed to retrieve John-Graham: Status code 404
2025-04-19 22:36:51,781 - ERROR - Failed to retrieve DJ-Tarkan: Status code 404
2025-04-19 22:37:06,940 - ERROR - Failed to retrieve Hype: Status code 404
2025-04-19 22:37:22,085 - ERROR - Failed to retrieve Marcus-Schossow: Status code 404
2025-04-19 22:37:37,230 - ERROR - Failed to retrieve Adaro: Status code 404
2025-04-19 22:37:52,397 - ERROR - Failed to retrieve Swanky-Tunes: Status code 404
2025-04-19 22:38:07,852 - ERROR - Failed to retrieve Aryue: Status code 404
2025-04-19 22:38:22,995 - ERROR - Failed to retrieve Burak-Yeter: Status code 404
2025-04-19 22:38:38,822 - ERROR - Failed to retrieve GORDO: Status code 404
2025-04-19 22:38:53,990 - ERROR - Failed to retrieve Beauz: Status code 404
2025-04-19 22:39:24,337 - ERROR - Failed to retrieve Giuseppe-Ottaviani: Status code 404
2025-04-19 22:39:39,503 - ERROR - Failed to retrieve Hernan-Cattaneo: Status code 404
2025-04-20 01:42:06,484 - ERROR - Failed to retrieve DJ-Vibe: Status code 404
2025-04-20 01:42:25,323 - ERROR - Failed to retrieve Kai-Tracid: Status code 404
2025-04-20 01:42:40,758 - ERROR - Failed to retrieve DJ-Yahel: Status code 404
2025-04-20 01:43:00,524 - ERROR - Failed to retrieve Ricky-Stone: Status code 404
2025-04-20 01:43:18,854 - ERROR - Failed to retrieve The-Flash-Brothers: Status code 404
2025-04-20 01:43:37,659 - ERROR - Failed to retrieve John-Graham: Status code 404
2025-04-20 01:43:54,725 - ERROR - Failed to retrieve DJ-Tarkan: Status code 404
2025-04-20 01:44:10,264 - ERROR - Failed to retrieve Hype: Status code 404
2025-04-20 01:44:26,796 - ERROR - Failed to retrieve Marcus-Schossow: Status code 404
2025-04-20 01:44:43,898 - ERROR - Failed to retrieve Adaro: Status code 404
2025-04-20 01:45:02,645 - ERROR - Failed to retrieve Swanky-Tunes: Status code 404
2025-04-20 01:45:17,945 - ERROR - Failed to retrieve Aryue: Status code 403
2025-04-20 01:45:33,097 - ERROR - Failed to retrieve Burak-Yeter: Status code 404
2025-04-20 01:45:48,844 - ERROR - Failed to retrieve GORDO: Status code 404
2025-04-20 01:46:08,476 - ERROR - Failed to retrieve Beauz: Status code 404
2025-04-20 01:46:41,436 - ERROR - Failed to retrieve Giuseppe-Ottaviani: Status code 404
2025-04-20 01:46:57,247 - ERROR - Failed to retrieve Hernan-Cattaneo: Status code 404
