2025-04-19 21:59:35,406 - ERROR - Failed to retrieve Jeff-Mills: Status code 403
2025-04-19 21:59:38,273 - ERROR - Failed to retrieve DJ-Vibe: Status code 403
2025-04-19 21:59:42,288 - ERROR - Failed to retrieve Kai-Tracid: Status code 404
2025-04-19 21:59:44,757 - ERROR - Failed to retrieve DJ-Yahel: Status code 404
2025-04-19 21:59:48,766 - ERROR - Failed to retrieve Ricky-Stone: Status code 403
2025-04-19 21:59:58,055 - ERROR - Failed to retrieve The-Flash-Brothers: Status code 404
2025-04-19 22:00:05,230 - ERROR - Failed to retrieve John-Graham: Status code 404
2025-04-19 22:00:12,104 - ERROR - Failed to retrieve DJ-Tarkan: Status code 404
2025-04-19 22:00:22,886 - ERROR - Failed to retrieve Hype: Status code 404
2025-04-19 22:00:40,961 - ERROR - Failed to retrieve Marcus-Schossow: Status code 404
2025-04-19 22:01:11,634 - ERROR - Failed to retrieve Adaro: Status code 404
2025-04-19 22:01:18,880 - ERROR - Failed to retrieve Swanky-Tunes: Status code 404
2025-04-19 22:01:36,449 - ERROR - Failed to retrieve Aryue: Status code 404
2025-04-19 22:01:39,799 - ERROR - Failed to retrieve Burak-Yeter: Status code 404
2025-04-19 22:01:43,381 - ERROR - Failed to retrieve GORDO: Status code 404
2025-04-19 22:01:48,678 - ERROR - Failed to retrieve Beauz: Status code 404
2025-04-19 22:01:51,548 - ERROR - Failed to retrieve Maddix: Status code 403
2025-04-19 22:02:02,714 - ERROR - Failed to retrieve Giuseppe-Ottaviani: Status code 404
2025-04-19 22:02:08,646 - ERROR - Failed to retrieve Hernan-Cattaneo: Status code 404
2025-04-19 22:07:58,377 - ERROR - Failed to retrieve DJ-Vibe: Status code 404
2025-04-19 22:08:02,047 - ERROR - Failed to retrieve Kai-Tracid: Status code 404
2025-04-19 22:08:06,143 - ERROR - Failed to retrieve DJ-Yahel: Status code 404
2025-04-19 22:08:09,783 - ERROR - Failed to retrieve Ricky-Stone: Status code 404
2025-04-19 22:08:14,525 - ERROR - Failed to retrieve The-Flash-Brothers: Status code 404
2025-04-19 22:08:19,350 - ERROR - Failed to retrieve John-Graham: Status code 404
2025-04-19 22:08:22,996 - ERROR - Failed to retrieve DJ-Tarkan: Status code 404
2025-04-19 22:08:28,057 - ERROR - Failed to retrieve Hype: Status code 404
2025-04-19 22:08:32,320 - ERROR - Failed to retrieve Marcus-Schossow: Status code 404
2025-04-19 22:08:35,527 - ERROR - Failed to retrieve Adaro: Status code 404
2025-04-19 22:08:39,117 - ERROR - Failed to retrieve Swanky-Tunes: Status code 404
2025-04-19 22:08:41,512 - ERROR - Failed to retrieve Aryue: Status code 404
2025-04-19 22:08:44,674 - ERROR - Failed to retrieve Burak-Yeter: Status code 404
2025-04-19 22:08:47,708 - ERROR - Failed to retrieve GORDO: Status code 404
2025-04-19 22:08:50,693 - ERROR - Failed to retrieve Beauz: Status code 403
2025-04-19 22:08:57,962 - ERROR - Failed to retrieve Giuseppe-Ottaviani: Status code 404
2025-04-19 22:09:01,215 - ERROR - Failed to retrieve Hernan-Cattaneo: Status code 404
2025-04-19 22:11:52,591 - ERROR - Failed to retrieve DJ-Vibe: Status code 404
2025-04-19 22:11:56,798 - ERROR - Failed to retrieve Kai-Tracid: Status code 404
2025-04-19 22:12:01,356 - ERROR - Failed to retrieve DJ-Yahel: Status code 404
2025-04-19 22:12:05,766 - ERROR - Failed to retrieve Ricky-Stone: Status code 404
2025-04-19 22:12:09,690 - ERROR - Failed to retrieve The-Flash-Brothers: Status code 404
2025-04-19 22:12:12,875 - ERROR - Failed to retrieve John-Graham: Status code 404
2025-04-19 22:12:17,965 - ERROR - Failed to retrieve DJ-Tarkan: Status code 403
2025-04-19 22:12:21,598 - ERROR - Failed to retrieve Hype: Status code 404
2025-04-19 22:12:26,036 - ERROR - Failed to retrieve Marcus-Schossow: Status code 404
2025-04-19 22:12:31,105 - ERROR - Failed to retrieve Adaro: Status code 404
2025-04-19 22:12:33,512 - ERROR - Failed to retrieve Swanky-Tunes: Status code 404
2025-04-19 22:12:37,966 - ERROR - Failed to retrieve Aryue: Status code 404
2025-04-19 22:12:41,610 - ERROR - Failed to retrieve Burak-Yeter: Status code 404
2025-04-19 22:12:46,446 - ERROR - Failed to retrieve GORDO: Status code 404
2025-04-19 22:12:50,262 - ERROR - Failed to retrieve Beauz: Status code 404
2025-04-19 22:12:55,399 - ERROR - Failed to retrieve Giuseppe-Ottaviani: Status code 404
2025-04-19 22:12:57,778 - ERROR - Failed to retrieve Hernan-Cattaneo: Status code 404
