2025-04-19 18:12:15,881 - ERROR - Failed to retrieve Hernan-Cattaneo: Status code 404
2025-04-19 18:12:20,911 - ERROR - Failed to retrieve Christopher-Lawrence: Status code 404
2025-04-19 20:48:41,014 - ERROR - Failed to retrieve Sasha: Status code 403
2025-04-19 20:48:51,366 - ERROR - Failed to retrieve Hernan-Cattaneo: Status code 404
2025-04-19 20:48:55,072 - ERROR - Failed to retrieve Christopher-Lawrence: Status code 404
2025-04-19 20:48:58,900 - ERROR - Failed to retrieve John-Digweed: Status code 404
2025-04-19 20:49:01,748 - ERROR - Failed to retrieve Paul-Oakenfold: Status code 404
2025-04-19 20:49:06,017 - ERROR - Failed to retrieve Deep-Dish: Status code 404
2025-04-19 20:49:13,507 - ERROR - Failed to retrieve Sander-Kleinenberg: Status code 404
2025-04-19 20:49:19,831 - ERROR - Failed to retrieve Judge-Jules: Status code 403
2025-04-19 20:49:22,683 - ERROR - Failed to retrieve James-Zabiela: Status code 404
2025-04-19 20:49:39,909 - ERROR - Failed to retrieve Tall-Paul: Status code 404
2025-04-19 20:49:43,930 - ERROR - Failed to retrieve Danny-Howells: Status code 404
2025-04-19 20:49:47,969 - ERROR - Failed to retrieve Steve-Lawler: Status code 404
2025-04-19 20:50:00,631 - ERROR - Failed to retrieve DJ-Dan: Status code 404
2025-04-19 20:50:04,469 - ERROR - Failed to retrieve Eddie-Halliwell: Status code 404
2025-04-19 20:50:09,091 - ERROR - Failed to retrieve Andy-C: Status code 403
2025-04-19 20:50:16,365 - ERROR - Failed to retrieve Johan-Gielen: Status code 404
2025-04-19 20:50:20,965 - ERROR - Failed to retrieve Lady-Dana: Status code 404
2025-04-19 20:50:36,601 - ERROR - Failed to retrieve Yoji-Biomehanika: Status code 404
2025-04-19 20:50:49,920 - ERROR - Failed to retrieve Dave-Clarke: Status code 404
2025-04-19 20:51:02,933 - ERROR - Failed to retrieve Gabriel-&-Dresden: Status code 404
2025-04-19 20:51:05,636 - ERROR - Failed to retrieve TBC: Status code 404
2025-04-19 20:51:08,378 - ERROR - Failed to retrieve Nick-Warren: Status code 404
2025-04-19 20:51:10,935 - ERROR - Failed to retrieve Richie-Hawtin: Status code 404
2025-04-19 20:51:20,487 - ERROR - Failed to retrieve Pete-Tong: Status code 404
2025-04-19 20:51:24,435 - ERROR - Failed to retrieve Jeff-Mills: Status code 403
2025-04-19 20:51:33,130 - ERROR - Failed to retrieve Misstress-Barbara: Status code 404
2025-04-19 20:51:36,365 - ERROR - Failed to retrieve Adam-Beyer: Status code 404
2025-04-19 20:51:42,579 - ERROR - Failed to retrieve John-'00'-Fleming: Status code 404
2025-04-19 20:51:45,536 - ERROR - Failed to retrieve Plump-DJ's: Status code 404
2025-04-19 20:51:57,879 - ERROR - Failed to retrieve Lee-Burridge: Status code 404
2025-04-19 20:52:09,696 - ERROR - Failed to retrieve Matt-Hardwick: Status code 404
2025-04-19 20:52:18,324 - ERROR - Failed to retrieve DJ-Luna: Status code 404
2025-04-19 20:52:22,048 - ERROR - Failed to retrieve M.I.K.E.: Status code 404
2025-04-19 20:52:28,747 - ERROR - Failed to retrieve Max-Graham: Status code 404
2025-04-19 20:52:37,197 - ERROR - Failed to retrieve Mario-Piu: Status code 404
2025-04-19 20:52:43,788 - ERROR - Failed to retrieve DJ-Vibe: Status code 403
2025-04-19 20:52:47,076 - ERROR - Failed to retrieve Kai-Tracid: Status code 403
2025-04-19 20:52:53,091 - ERROR - Failed to retrieve DJ-Yahel: Status code 403
2025-04-19 20:53:06,192 - ERROR - Failed to retrieve Ricky-Stone: Status code 403
2025-04-19 20:53:09,617 - ERROR - Failed to retrieve Martin-Garcia: Status code 404
2025-04-19 20:53:14,317 - ERROR - Failed to retrieve Frank-T.R.A.X: Status code 404
2025-04-19 20:53:18,261 - ERROR - Failed to retrieve Timo-Maas: Status code 404
2025-04-19 20:53:22,283 - ERROR - Failed to retrieve Desyn-Masiello: Status code 404
2025-04-19 20:53:25,522 - ERROR - Failed to retrieve Victor-Calderone: Status code 404
2025-04-19 20:53:27,819 - ERROR - Failed to retrieve Armand-Van-Helden: Status code 403
2025-04-19 20:53:32,530 - ERROR - Failed to retrieve Michel-De-Hey: Status code 404
2025-04-19 20:53:36,451 - ERROR - Failed to retrieve The-Flash-Brothers: Status code 403
2025-04-19 20:53:40,375 - ERROR - Failed to retrieve Donald-Glaude: Status code 404
2025-04-19 20:53:44,283 - ERROR - Failed to retrieve Chus-&-Ceballos: Status code 404
2025-04-19 20:53:46,511 - ERROR - Failed to retrieve DJ-Tatana: Status code 404
2025-04-19 20:53:50,913 - ERROR - Failed to retrieve Astrix: Status code 404
2025-04-19 20:54:07,853 - ERROR - Failed to retrieve Anne-Savage: Status code 404
2025-04-19 20:54:11,386 - ERROR - Failed to retrieve Miss-Kitten: Status code 404
2025-04-19 20:54:20,782 - ERROR - Failed to retrieve Christian-Cambas: Status code 404
2025-04-19 20:54:25,414 - ERROR - Failed to retrieve Scot-Project: Status code 404
2025-04-19 20:54:38,842 - ERROR - Failed to retrieve Proteus: Status code 404
2025-04-19 20:54:41,266 - ERROR - Failed to retrieve Moshic: Status code 404
2025-04-19 20:54:45,408 - ERROR - Failed to retrieve DJ-Amadeus: Status code 404
2025-04-19 20:54:57,193 - ERROR - Failed to retrieve Magda: Status code 404
2025-04-19 20:55:02,284 - ERROR - Failed to retrieve John-Acquaviva: Status code 404
2025-04-19 20:55:06,026 - ERROR - Failed to retrieve Flash-Brothers: Status code 404
2025-04-19 20:55:09,129 - ERROR - Failed to retrieve Offer-Nissim: Status code 404
2025-04-19 20:55:21,191 - ERROR - Failed to retrieve Phil-Kieran: Status code 404
2025-04-19 20:55:24,465 - ERROR - Failed to retrieve DJ-Skazi: Status code 404
2025-04-19 20:55:27,728 - ERROR - Failed to retrieve D-Formation: Status code 404
2025-04-19 20:55:39,601 - ERROR - Failed to retrieve Bob-Sinclair: Status code 404
2025-04-19 20:55:42,743 - ERROR - Failed to retrieve Lange: Status code 403
2025-04-19 20:55:46,567 - ERROR - Failed to retrieve Wrecked-Machines: Status code 404
2025-04-19 20:55:50,098 - ERROR - Failed to retrieve Dion-Mavath: Status code 404
2025-04-19 20:55:53,415 - ERROR - Failed to retrieve George-Acosta: Status code 404
2025-04-19 20:55:56,317 - ERROR - Failed to retrieve Joachim-Garraud: Status code 404
2025-04-19 20:56:03,968 - ERROR - Failed to retrieve Simon-Posford: Status code 404
2025-04-19 20:56:08,358 - ERROR - Failed to retrieve John-Graham: Status code 403
2025-04-19 20:56:12,742 - ERROR - Failed to retrieve Menno-De-Jong: Status code 404
2025-04-19 20:56:14,948 - ERROR - Failed to retrieve Scott-K: Status code 404
2025-04-19 20:56:19,527 - ERROR - Failed to retrieve Filo-&-Peri: Status code 403
2025-04-19 20:56:24,403 - ERROR - Failed to retrieve DJ-Tarkan: Status code 404
2025-04-19 20:56:27,584 - ERROR - Failed to retrieve Anderson-Noise: Status code 404
2025-04-19 20:56:32,496 - ERROR - Failed to retrieve Serge-Devant: Status code 404
2025-04-19 20:56:41,164 - ERROR - Failed to retrieve Tallah-2XLC: Status code 404
2025-04-19 20:56:49,166 - ERROR - Failed to retrieve Axel-Karakasis: Status code 404
2025-04-19 20:56:52,064 - ERROR - Failed to retrieve Steve-Porter: Status code 403
2025-04-19 20:57:04,217 - ERROR - Failed to retrieve Robbie-Rivera: Status code 404
2025-04-19 20:57:07,446 - ERROR - Failed to retrieve Agnelli-&-Nelson: Status code 404
2025-04-19 20:57:11,087 - ERROR - Failed to retrieve Fedde-Le-Grand: Status code 403
2025-04-19 20:57:15,525 - ERROR - Failed to retrieve Yahel: Status code 403
2025-04-19 20:57:24,360 - ERROR - Failed to retrieve Mark-Knight: Status code 404
2025-04-19 20:57:38,325 - ERROR - Failed to retrieve Valentino-Kanzyani: Status code 404
2025-04-19 20:57:51,797 - ERROR - Failed to retrieve Hype: Status code 403
2025-04-19 20:57:54,351 - ERROR - Failed to retrieve Richard-Durand: Status code 404
2025-04-19 20:57:59,288 - ERROR - Failed to retrieve Westbam: Status code 403
2025-04-19 20:58:03,343 - ERROR - Failed to retrieve Sébastien-Léger: Status code 404
2025-04-19 20:58:06,751 - ERROR - Failed to retrieve Wally-Lopez: Status code 404
2025-04-19 20:58:08,950 - ERROR - Failed to retrieve Erol-Alkan: Status code 404
2025-04-19 20:58:15,165 - ERROR - Failed to retrieve Bobina: Status code 404
2025-04-19 20:58:19,396 - ERROR - Failed to retrieve Dubfire: Status code 403
2025-04-19 20:58:22,404 - ERROR - Failed to retrieve Aly-&-Fila: Status code 404
2025-04-19 20:58:28,045 - ERROR - Failed to retrieve Marco-Lenzi: Status code 404
2025-04-19 20:58:30,488 - ERROR - Failed to retrieve Adam-Sheridan: Status code 404
2025-04-19 20:58:34,851 - ERROR - Failed to retrieve Sean-Tyas: Status code 404
2025-04-19 20:58:37,348 - ERROR - Failed to retrieve DJ-Feel: Status code 404
2025-04-19 20:58:41,448 - ERROR - Failed to retrieve DJ-Shah: Status code 404
2025-04-19 20:58:48,867 - ERROR - Failed to retrieve Simon-Patterson: Status code 404
2025-04-19 20:59:09,778 - ERROR - Failed to retrieve Tiddey: Status code 404
2025-04-19 20:59:13,746 - ERROR - Failed to retrieve Greg-Downey: Status code 404
2025-04-19 20:59:16,915 - ERROR - Failed to retrieve Marcel-Woods: Status code 404
2025-04-19 20:59:25,661 - ERROR - Failed to retrieve Skazi: Status code 404
2025-04-19 20:59:32,329 - ERROR - Failed to retrieve Solarstone: Status code 404
2025-04-19 20:59:37,953 - ERROR - Failed to retrieve Leon-Bolier: Status code 404
2025-04-19 20:59:43,389 - ERROR - Failed to retrieve Booka-Shade: Status code 403
2025-04-19 20:59:47,252 - ERROR - Failed to retrieve Alex-Morph-&-Woody-Van-Eyden: Status code 404
2025-04-19 20:59:51,977 - ERROR - Failed to retrieve Roger-Shah: Status code 404
2025-04-19 21:00:05,864 - ERROR - Failed to retrieve tyDi: Status code 404
2025-04-19 21:00:11,730 - ERROR - Failed to retrieve Chuckie: Status code 404
2025-04-19 21:00:14,822 - ERROR - Failed to retrieve Sharam: Status code 404
2025-04-19 21:00:22,933 - ERROR - Failed to retrieve Marcus-Schossow: Status code 403
2025-04-19 21:00:32,438 - ERROR - Failed to retrieve Sied-Van-Riel: Status code 404
2025-04-19 21:00:38,178 - ERROR - Failed to retrieve Myon-&-Shane-54: Status code 404
2025-04-19 21:00:47,137 - ERROR - Failed to retrieve Antoine-Clamaran: Status code 404
2025-04-19 21:01:27,409 - ERROR - Failed to retrieve D-Block-&-S-te-Fan: Status code 403
2025-04-19 21:01:39,859 - ERROR - Failed to retrieve Pete-Tha-Zouk: Status code 404
2025-04-19 21:01:50,385 - ERROR - Failed to retrieve Bloody-Beetroots: Status code 404
2025-04-19 21:01:52,725 - ERROR - Failed to retrieve Arnej: Status code 404
2025-04-19 21:01:55,344 - ERROR - Failed to retrieve Joris-Voorn: Status code 404
2025-04-19 21:02:11,254 - ERROR - Failed to retrieve Claudia-Cazacu: Status code 404
2025-04-19 21:02:33,736 - ERROR - Failed to retrieve Coone: Status code 404
2025-04-19 21:02:45,116 - ERROR - Failed to retrieve Orjan-Nilsen: Status code 404
2025-04-19 21:02:53,220 - ERROR - Failed to retrieve Francis-Davila: Status code 404
2025-04-19 21:03:12,572 - ERROR - Failed to retrieve AN21: Status code 403
2025-04-19 21:03:23,497 - ERROR - Failed to retrieve Juanjo-Martin: Status code 404
2025-04-19 21:03:35,265 - ERROR - Failed to retrieve Porter-Robinson: Status code 403
2025-04-19 21:03:38,592 - ERROR - Failed to retrieve Brennan-Heart: Status code 404
2025-04-19 21:04:02,608 - ERROR - Failed to retrieve Omnia: Status code 404
2025-04-19 21:04:05,741 - ERROR - Failed to retrieve Tommy-Trash: Status code 403
2025-04-19 21:04:11,713 - ERROR - Failed to retrieve Shogun: Status code 404
2025-04-19 21:04:19,180 - ERROR - Failed to retrieve MOSIMANN: Status code 404
2025-04-19 21:04:25,751 - ERROR - Failed to retrieve Andrew-Rayel: Status code 404
2025-04-19 21:04:32,176 - ERROR - Failed to retrieve Heatbeat: Status code 404
2025-04-19 21:04:37,242 - ERROR - Failed to retrieve Thomas-Gold: Status code 403
2025-04-19 21:04:49,787 - ERROR - Failed to retrieve Ran-D: Status code 404
2025-04-19 21:05:32,549 - ERROR - Failed to retrieve Antoine: Status code 404
2025-04-19 21:05:39,903 - ERROR - Failed to retrieve Dillon-Francis: Status code 403
2025-04-19 21:05:46,649 - ERROR - Failed to retrieve Adaro: Status code 403
2025-04-19 21:05:51,761 - ERROR - Failed to retrieve Tenashar: Status code 404
2025-04-19 21:05:58,452 - ERROR - Failed to retrieve Bl3nd: Status code 404
2025-04-19 21:06:03,597 - ERROR - Failed to retrieve Diego-Miranda: Status code 404
2025-04-19 21:06:26,541 - ERROR - Failed to retrieve Kura: Status code 404
2025-04-19 21:06:31,394 - ERROR - Failed to retrieve Yves-V: Status code 404
2025-04-19 21:06:43,066 - ERROR - Failed to retrieve MAKJ: Status code 403
2025-04-19 21:06:48,169 - ERROR - Failed to retrieve Radical-Redemption: Status code 404
2025-04-19 21:07:35,427 - ERROR - Failed to retrieve Code-Black: Status code 404
2025-04-19 21:07:37,634 - ERROR - Failed to retrieve Merk-&-Kremont: Status code 404
2025-04-19 21:08:04,784 - ERROR - Failed to retrieve Jack-U: Status code 404
2025-04-19 21:08:08,712 - ERROR - Failed to retrieve Tom-Swoon: Status code 404
2025-04-19 21:08:47,841 - ERROR - Failed to retrieve MaRLo: Status code 404
2025-04-19 21:08:51,898 - ERROR - Failed to retrieve Miss-K8: Status code 404
2025-04-19 21:08:57,110 - ERROR - Failed to retrieve Swanky-Tunes: Status code 403
2025-04-19 21:09:07,210 - ERROR - Failed to retrieve Florian-Picasso: Status code 404
2025-04-19 21:09:11,885 - ERROR - Failed to retrieve Lost-Stories: Status code 404
2025-04-19 21:09:14,611 - ERROR - Failed to retrieve Vintage-Culture: Status code 403
2025-04-19 21:09:35,309 - ERROR - Failed to retrieve Carl-Nunes: Status code 404
2025-04-19 21:10:04,453 - ERROR - Failed to retrieve Warface: Status code 404
2025-04-19 21:10:15,866 - ERROR - Failed to retrieve Cat-Dealers: Status code 404
2025-04-19 21:10:23,646 - ERROR - Failed to retrieve Mariana-Bo: Status code 404
2025-04-19 21:10:39,008 - ERROR - Failed to retrieve Maceo-Plex: Status code 404
2025-04-19 21:10:43,773 - ERROR - Failed to retrieve Carta: Status code 404
2025-04-19 21:10:48,760 - ERROR - Failed to retrieve Julian-Jordan: Status code 404
2025-04-19 21:10:51,149 - ERROR - Failed to retrieve DJ-L: Status code 404
2025-04-19 21:10:55,522 - ERROR - Failed to retrieve Jeffrey-Sutorius: Status code 404
2025-04-19 21:10:59,205 - ERROR - Failed to retrieve MATTN: Status code 404
2025-04-19 21:11:01,709 - ERROR - Failed to retrieve Breathe-Carolina: Status code 403
2025-04-19 21:11:08,519 - ERROR - Failed to retrieve Mosimann: Status code 404
2025-04-19 21:11:16,823 - ERROR - Failed to retrieve Marco-Carola: Status code 404
2025-04-19 21:11:27,712 - ERROR - Failed to retrieve Rave-Republic: Status code 404
2025-04-19 21:11:31,138 - ERROR - Failed to retrieve SLANDER: Status code 404
2025-04-19 21:11:39,491 - ERROR - Failed to retrieve Illenium: Status code 403
2025-04-19 21:11:43,046 - ERROR - Failed to retrieve 3-Are-Legend: Status code 404
2025-04-19 21:11:46,243 - ERROR - Failed to retrieve Charlotte-de-Witte: Status code 404
2025-04-19 21:11:55,527 - ERROR - Failed to retrieve Tom-&-Collins: Status code 404
2025-04-19 21:12:00,113 - ERROR - Failed to retrieve Boris-Brejcha: Status code 404
2025-04-19 21:12:05,948 - ERROR - Failed to retrieve Sub-Zero-Project: Status code 404
2025-04-19 21:12:10,243 - ERROR - Failed to retrieve D.O.D: Status code 404
2025-04-19 21:12:13,194 - ERROR - Failed to retrieve Henri-PFR: Status code 404
2025-04-19 21:12:17,106 - ERROR - Failed to retrieve REZZ: Status code 404
2025-04-19 21:12:20,926 - ERROR - Failed to retrieve Amelie-Lens: Status code 404
2025-04-19 21:12:23,356 - ERROR - Failed to retrieve Jamie-Jones: Status code 404
2025-04-19 21:12:28,664 - ERROR - Failed to retrieve TBC---marek: Status code 404
2025-04-19 21:12:31,122 - ERROR - Failed to retrieve Mr-Pig: Status code 404
2025-04-19 21:12:35,051 - ERROR - Failed to retrieve Pink-Panda: Status code 404
2025-04-19 21:12:39,329 - ERROR - Failed to retrieve Plastik-Funk: Status code 403
2025-04-19 21:12:48,903 - ERROR - Failed to retrieve Sunnery-James-&-Ryan-Marciano: Status code 404
2025-04-19 21:12:53,106 - ERROR - Failed to retrieve Aryue: Status code 403
2025-04-19 21:12:56,949 - ERROR - Failed to retrieve Burak-Yeter: Status code 403
2025-04-19 21:12:59,996 - ERROR - Failed to retrieve Tungevaag: Status code 404
2025-04-19 21:13:02,193 - ERROR - Failed to retrieve Deborah-De-Luca: Status code 404
2025-04-19 21:13:04,652 - ERROR - Failed to retrieve Mike-Perry: Status code 404
2025-04-19 21:13:12,188 - ERROR - Failed to retrieve Dimitri-Vangelis-&-Wyman: Status code 404
2025-04-19 21:13:19,200 - ERROR - Failed to retrieve 22Bullets: Status code 404
2025-04-19 21:13:23,421 - ERROR - Failed to retrieve GORDO: Status code 403
2025-04-19 21:13:30,185 - ERROR - Failed to retrieve Beauz: Status code 403
2025-04-19 21:13:35,008 - ERROR - Failed to retrieve Panta-Q: Status code 404
2025-04-19 21:13:39,873 - ERROR - Failed to retrieve Naeleck: Status code 404
2025-04-19 21:13:51,528 - ERROR - Failed to retrieve Giftback: Status code 404
2025-04-19 21:13:58,537 - ERROR - Failed to retrieve KAKA: Status code 404
2025-04-19 21:14:02,683 - ERROR - Failed to retrieve Luminn: Status code 404
2025-04-19 21:14:05,110 - ERROR - Failed to retrieve Alexso: Status code 404
2025-04-19 21:14:09,210 - ERROR - Failed to retrieve Daddy’s-Groove: Status code 404
2025-04-19 21:14:14,293 - ERROR - Failed to retrieve Dexter-King: Status code 404
2025-04-19 21:14:23,723 - ERROR - Failed to retrieve Reinier-Zonneveld: Status code 404
2025-04-19 21:14:37,969 - ERROR - Failed to retrieve Honey-Dijon: Status code 404
2025-04-19 21:14:44,663 - ERROR - Failed to retrieve Le-Twins: Status code 404
2025-04-19 21:14:48,713 - ERROR - Failed to retrieve Dubdogz: Status code 404
2025-04-19 21:14:56,199 - ERROR - Failed to retrieve Cuebrick: Status code 404
2025-04-19 21:14:58,540 - ERROR - Failed to retrieve The-Martinez-Brothers: Status code 404
2025-04-19 21:15:19,363 - ERROR - Failed to retrieve Maddix: Status code 403
2025-04-19 21:15:23,428 - ERROR - Failed to retrieve Lizzy-Wang: Status code 404
2025-04-19 21:15:26,280 - ERROR - Failed to retrieve Indira-Paganotto: Status code 404
2025-04-19 21:15:30,720 - ERROR - Failed to retrieve Liu: Status code 404
2025-04-19 21:15:33,636 - ERROR - Failed to retrieve Le-Shuuk: Status code 404
2025-04-19 21:15:41,622 - ERROR - Failed to retrieve Keinemusik: Status code 404
2025-04-19 21:15:44,095 - ERROR - Failed to retrieve Korolova: Status code 404
2025-04-19 21:15:46,363 - ERROR - Failed to retrieve Mochakk: Status code 404
2025-04-19 21:15:55,965 - ERROR - Failed to retrieve John-Summit: Status code 403
2025-04-19 21:15:59,799 - ERROR - Failed to retrieve Sara-Landry: Status code 404
2025-04-19 21:16:04,237 - ERROR - Failed to retrieve DubVision: Status code 403
2025-04-19 21:16:11,978 - ERROR - Failed to retrieve WUKONG: Status code 404
2025-04-19 21:16:24,828 - ERROR - Failed to retrieve B-Jones: Status code 404
2025-04-19 21:16:28,428 - ERROR - Failed to retrieve Giuseppe-Ottaviani: Status code 403
2025-04-19 21:16:35,989 - ERROR - Failed to retrieve MEDUZA: Status code 403
2025-04-19 21:56:06,346 - ERROR - Failed to retrieve Hernan-Cattaneo: Status code 403
2025-04-19 21:56:09,083 - ERROR - Failed to retrieve Christopher-Lawrence: Status code 404
2025-04-19 21:56:14,056 - ERROR - Failed to retrieve John-Digweed: Status code 404
2025-04-19 21:56:18,762 - ERROR - Failed to retrieve Paul-Oakenfold: Status code 404
2025-04-19 21:56:22,046 - ERROR - Failed to retrieve Deep-Dish: Status code 404
